{
    "files": [
        {
            "core": {
                "type": "file"
            }, 
            "seq": {
                "insdc_run": "ERR1630013", 
                "lanes": {
                    "run": "r1"
                }, 
                "insdc_experiment": "ERX1700346"
            }, 
            "sample_id": "AZ_A1", 
            "assay_id": "ERR1630013", 
            "file_format": "fastq.gz", 
            "filename": "AZ_A1.fastq.gz"
        }
    ], 
    "samples": [
        {
            "core": {
                "type": "sample"
            }, 
            "name": "pancreas islet normal", 
            "specimen_from_organism": {
                "body_part": "islet of Langerhans", 
                "organ": "pancreas"
            }, 
            "genus_species": "Homo sapiens", 
            "supplementary_files": "ftp://ftp.ebi.ac.uk/pub/databases/microarray/data/experiment/MTAB/E-MTAB-5061/E-MTAB-5061.processed.1.zip", 
            "ncbi_taxon_id": 9606, 
            "derived_from": "AZ", 
            "sample_id": "AZ_A2", 
            "protocol_ids": [
                "A123", 
                "A456"
            ], 
            "sample_accessions": {
                "insdc_sample": "ERS1348474", 
                "biosd_sample": "SAMEA4437025"
            }
        }, 
        {
            "core": {
                "type": "sample"
            }, 
            "name": "pancreas islet normal", 
            "specimen_from_organism": {
                "body_part": "islet of Langerhans", 
                "organ": "pancreas"
            }, 
            "genus_species": "Homo sapiens", 
            "supplementary_files": "ftp://ftp.ebi.ac.uk/pub/databases/microarray/data/experiment/MTAB/E-MTAB-5061/E-MTAB-5061.processed.1.zip", 
            "ncbi_taxon_id": 9606, 
            "derived_from": "AZ", 
            "sample_id": "AZ_A3", 
            "protocol_ids": [
                "A123", 
                "A456"
            ], 
            "sample_accessions": {
                "insdc_sample": "ERS1348475", 
                "biosd_sample": "SAMEA4437026"
            }
        }, 
        {
            "core": {
                "type": "sample"
            }, 
            "name": "pancreas islet normal", 
            "specimen_from_organism": {
                "body_part": "islet of Langerhans", 
                "organ": "pancreas"
            }, 
            "genus_species": "Homo sapiens", 
            "supplementary_files": "ftp://ftp.ebi.ac.uk/pub/databases/microarray/data/experiment/MTAB/E-MTAB-5061/E-MTAB-5061.processed.1.zip", 
            "ncbi_taxon_id": 9606, 
            "derived_from": "AZ", 
            "sample_id": "AZ_A1", 
            "protocol_ids": [
                "A123", 
                "A456"
            ], 
            "sample_accessions": {
                "insdc_sample": "ERS1348470", 
                "biosd_sample": "SAMEA4437021"
            }
        }, 
        {
            "core": {
                "type": "sample"
            }, 
            "name": "pancreas islet normal", 
            "specimen_from_organism": {
                "body_part": "islet of Langerhans", 
                "organ": "pancreas"
            }, 
            "genus_species": "Homo sapiens", 
            "supplementary_files": "ftp://ftp.ebi.ac.uk/pub/databases/microarray/data/experiment/MTAB/E-MTAB-5061/E-MTAB-5061.processed.1.zip", 
            "ncbi_taxon_id": 9606, 
            "derived_from": "AZ", 
            "sample_id": "AZ_A6", 
            "protocol_ids": [
                "A123", 
                "A456"
            ], 
            "sample_accessions": {
                "insdc_sample": "ERS1348478", 
                "biosd_sample": "SAMEA4437029"
            }
        }, 
        {
            "core": {
                "type": "sample"
            }, 
            "name": "pancreas islet normal", 
            "specimen_from_organism": {
                "body_part": "islet of Langerhans", 
                "organ": "pancreas"
            }, 
            "genus_species": "Homo sapiens", 
            "supplementary_files": "ftp://ftp.ebi.ac.uk/pub/databases/microarray/data/experiment/MTAB/E-MTAB-5061/E-MTAB-5061.processed.1.zip", 
            "ncbi_taxon_id": 9606, 
            "derived_from": "AZ", 
            "sample_id": "AZ_A7", 
            "protocol_ids": [
                "A123", 
                "A456"
            ], 
            "sample_accessions": {
                "insdc_sample": "ERS1348479", 
                "biosd_sample": "SAMEA4437030"
            }
        }, 
        {
            "core": {
                "type": "sample"
            }, 
            "name": "pancreas islet normal", 
            "specimen_from_organism": {
                "body_part": "islet of Langerhans", 
                "organ": "pancreas"
            }, 
            "genus_species": "Homo sapiens", 
            "supplementary_files": "ftp://ftp.ebi.ac.uk/pub/databases/microarray/data/experiment/MTAB/E-MTAB-5061/E-MTAB-5061.processed.1.zip", 
            "ncbi_taxon_id": 9606, 
            "derived_from": "AZ", 
            "sample_id": "AZ_A4", 
            "protocol_ids": [
                "A123", 
                "A456"
            ], 
            "sample_accessions": {
                "insdc_sample": "ERS1348476", 
                "biosd_sample": "SAMEA4437027"
            }
        }, 
        {
            "core": {
                "type": "sample"
            }, 
            "name": "pancreas islet normal", 
            "specimen_from_organism": {
                "body_part": "islet of Langerhans", 
                "organ": "pancreas"
            }, 
            "genus_species": "Homo sapiens", 
            "supplementary_files": "ftp://ftp.ebi.ac.uk/pub/databases/microarray/data/experiment/MTAB/E-MTAB-5061/E-MTAB-5061.processed.1.zip", 
            "ncbi_taxon_id": 9606, 
            "derived_from": "AZ", 
            "sample_id": "AZ_A5", 
            "protocol_ids": [
                "A123", 
                "A456"
            ], 
            "sample_accessions": {
                "insdc_sample": "ERS1348477", 
                "biosd_sample": "SAMEA4437028"
            }
        }, 
        {
            "core": {
                "type": "sample"
            }, 
            "name": "pancreas islet normal", 
            "specimen_from_organism": {
                "body_part": "islet of Langerhans", 
                "organ": "pancreas"
            }, 
            "genus_species": "Homo sapiens", 
            "supplementary_files": "ftp://ftp.ebi.ac.uk/pub/databases/microarray/data/experiment/MTAB/E-MTAB-5061/E-MTAB-5061.processed.1.zip", 
            "ncbi_taxon_id": 9606, 
            "derived_from": "AZ", 
            "sample_id": "AZ_C1", 
            "protocol_ids": [
                "A123", 
                "A456"
            ], 
            "sample_accessions": {
                "insdc_sample": "ERS1348494", 
                "biosd_sample": "SAMEA4437045"
            }
        }, 
        {
            "core": {
                "type": "sample"
            }, 
            "name": "pancreas islet normal", 
            "specimen_from_organism": {
                "body_part": "islet of Langerhans", 
                "organ": "pancreas"
            }, 
            "genus_species": "Homo sapiens", 
            "supplementary_files": "ftp://ftp.ebi.ac.uk/pub/databases/microarray/data/experiment/MTAB/E-MTAB-5061/E-MTAB-5061.processed.1.zip", 
            "ncbi_taxon_id": 9606, 
            "derived_from": "AZ", 
            "sample_id": "AZ_A8", 
            "protocol_ids": [
                "A123", 
                "A456"
            ], 
            "sample_accessions": {
                "insdc_sample": "ERS1348480", 
                "biosd_sample": "SAMEA4437031"
            }
        }, 
        {
            "core": {
                "type": "sample"
            }, 
            "name": "pancreas islet normal", 
            "specimen_from_organism": {
                "body_part": "islet of Langerhans", 
                "organ": "pancreas"
            }, 
            "genus_species": "Homo sapiens", 
            "supplementary_files": "ftp://ftp.ebi.ac.uk/pub/databases/microarray/data/experiment/MTAB/E-MTAB-5061/E-MTAB-5061.processed.1.zip", 
            "ncbi_taxon_id": 9606, 
            "derived_from": "AZ", 
            "sample_id": "AZ_A9", 
            "protocol_ids": [
                "A123", 
                "A456"
            ], 
            "sample_accessions": {
                "insdc_sample": "ERS1348481", 
                "biosd_sample": "SAMEA4437032"
            }
        }, 
        {
            "core": {
                "type": "sample"
            }, 
            "name": "pancreas islet normal", 
            "specimen_from_organism": {
                "body_part": "islet of Langerhans", 
                "organ": "pancreas"
            }, 
            "genus_species": "Homo sapiens", 
            "supplementary_files": "ftp://ftp.ebi.ac.uk/pub/databases/microarray/data/experiment/MTAB/E-MTAB-5061/E-MTAB-5061.processed.1.zip", 
            "ncbi_taxon_id": 9606, 
            "derived_from": "AZ", 
            "sample_id": "AZ_B12", 
            "protocol_ids": [
                "A123", 
                "A456"
            ], 
            "sample_accessions": {
                "insdc_sample": "ERS1348485", 
                "biosd_sample": "SAMEA4437036"
            }
        }, 
        {
            "core": {
                "type": "sample"
            }, 
            "name": "pancreas islet normal", 
            "specimen_from_organism": {
                "body_part": "islet of Langerhans", 
                "organ": "pancreas"
            }, 
            "genus_species": "Homo sapiens", 
            "supplementary_files": "ftp://ftp.ebi.ac.uk/pub/databases/microarray/data/experiment/MTAB/E-MTAB-5061/E-MTAB-5061.processed.1.zip", 
            "ncbi_taxon_id": 9606, 
            "derived_from": "AZ", 
            "sample_id": "AZ_B11", 
            "protocol_ids": [
                "A123", 
                "A456"
            ], 
            "sample_accessions": {
                "insdc_sample": "ERS1348484", 
                "biosd_sample": "SAMEA4437035"
            }
        }, 
        {
            "core": {
                "type": "sample"
            }, 
            "name": "pancreas islet normal", 
            "specimen_from_organism": {
                "body_part": "islet of Langerhans", 
                "organ": "pancreas"
            }, 
            "genus_species": "Homo sapiens", 
            "supplementary_files": "ftp://ftp.ebi.ac.uk/pub/databases/microarray/data/experiment/MTAB/E-MTAB-5061/E-MTAB-5061.processed.1.zip", 
            "ncbi_taxon_id": 9606, 
            "derived_from": "AZ", 
            "sample_id": "AZ_B10", 
            "protocol_ids": [
                "A123", 
                "A456"
            ], 
            "sample_accessions": {
                "insdc_sample": "ERS1348483", 
                "biosd_sample": "SAMEA4437034"
            }
        }, 
        {
            "core": {
                "type": "sample"
            }, 
            "ncbi_taxon_id": 9606, 
            "sample_id": "HP1509101", 
            "donor": {
                "is_living": "yes", 
                "age": 27, 
                "life_stage": "adult", 
                "disease": "normal", 
                "age_unit": "year", 
                "sex": "male", 
                "body_mass_index": 31.8
            }, 
            "genus_species": "Homo sapiens"
        }, 
        {
            "core": {
                "type": "sample"
            }, 
            "name": "pancreas islet normal", 
            "specimen_from_organism": {
                "body_part": "islet of Langerhans", 
                "state_of_specimen": {
                    "ischemic_time": 200, 
                    "postmortem_interval": 100, 
                    "autolysis_score": "none", 
                    "microscopic_description": "There were cells"
                }, 
                "organ": "pancreas"
            }, 
            "genus_species": "Homo sapiens", 
            "supplementary_files": "ftp://ftp.ebi.ac.uk/pub/databases/microarray/data/experiment/MTAB/E-MTAB-5061/E-MTAB-5061.processed.1.zip", 
            "ncbi_taxon_id": 9606, 
            "derived_from": "AZ", 
            "sample_id": "AZ_A10", 
            "protocol_ids": [
                "A123", 
                "A456"
            ], 
            "sample_accessions": {
                "insdc_sample": "ERS1348471", 
                "biosd_sample": "SAMEA4437022"
            }
        }, 
        {
            "core": {
                "type": "sample"
            }, 
            "name": "pancreas islet normal", 
            "specimen_from_organism": {
                "body_part": "islet of Langerhans", 
                "organ": "pancreas"
            }, 
            "genus_species": "Homo sapiens", 
            "supplementary_files": "ftp://ftp.ebi.ac.uk/pub/databases/microarray/data/experiment/MTAB/E-MTAB-5061/E-MTAB-5061.processed.1.zip", 
            "ncbi_taxon_id": 9606, 
            "derived_from": "AZ", 
            "sample_id": "AZ_A11", 
            "protocol_ids": [
                "A123", 
                "A456"
            ], 
            "sample_accessions": {
                "insdc_sample": "ERS1348472", 
                "biosd_sample": "SAMEA4437023"
            }
        }, 
        {
            "core": {
                "type": "sample"
            }, 
            "name": "pancreas islet normal", 
            "specimen_from_organism": {
                "body_part": "islet of Langerhans", 
                "organ": "pancreas"
            }, 
            "genus_species": "Homo sapiens", 
            "supplementary_files": "ftp://ftp.ebi.ac.uk/pub/databases/microarray/data/experiment/MTAB/E-MTAB-5061/E-MTAB-5061.processed.1.zip", 
            "ncbi_taxon_id": 9606, 
            "derived_from": "AZ", 
            "sample_id": "AZ_A12", 
            "protocol_ids": [
                "A123", 
                "A456"
            ], 
            "sample_accessions": {
                "insdc_sample": "ERS1348473", 
                "biosd_sample": "SAMEA4437024"
            }
        }, 
        {
            "core": {
                "type": "sample"
            }, 
            "ncbi_taxon_id": 9606, 
            "sample_id": "HP1504901", 
            "donor": {
                "is_living": "yes", 
                "age": 23, 
                "life_stage": "adult", 
                "disease": "normal", 
                "age_unit": "year", 
                "sex": "male", 
                "body_mass_index": 21.5
            }, 
            "genus_species": "Homo sapiens"
        }, 
        {
            "core": {
                "type": "sample"
            }, 
            "ncbi_taxon_id": 9606, 
            "sample_id": "HP1508501T2D", 
            "donor": {
                "is_living": "no", 
                "age": 37, 
                "life_stage": "adult", 
                "disease": "type II diabetes mellitus", 
                "age_unit": "year", 
                "sex": "female", 
                "body_mass_index": 39.6
            }, 
            "genus_species": "Homo sapiens"
        }, 
        {
            "core": {
                "type": "sample"
            }, 
            "ncbi_taxon_id": 9606, 
            "sample_id": "HP1504101T2D", 
            "donor": {
                "is_living": "no", 
                "age": 57, 
                "life_stage": "adult", 
                "disease": "type II diabetes mellitus", 
                "age_unit": "year", 
                "sex": "male", 
                "body_mass_index": 24
            }, 
            "genus_species": "Homo sapiens"
        }, 
        {
            "core": {
                "type": "sample"
            }, 
            "ncbi_taxon_id": 9606, 
            "sample_id": "HP1507101", 
            "donor": {
                "is_living": "yes", 
                "age": 22, 
                "life_stage": "adult", 
                "disease": "normal", 
                "age_unit": "year", 
                "sex": "male", 
                "body_mass_index": 32.9
            }, 
            "genus_species": "Homo sapiens"
        }, 
        {
            "core": {
                "type": "sample"
            }, 
            "name": "pancreas islet normal", 
            "specimen_from_organism": {
                "body_part": "islet of Langerhans", 
                "organ": "pancreas"
            }, 
            "genus_species": "Homo sapiens", 
            "supplementary_files": "ftp://ftp.ebi.ac.uk/pub/databases/microarray/data/experiment/MTAB/E-MTAB-5061/E-MTAB-5061.processed.1.zip", 
            "ncbi_taxon_id": 9606, 
            "derived_from": "AZ", 
            "sample_id": "AZ_B9", 
            "protocol_ids": [
                "A123", 
                "A456"
            ], 
            "sample_accessions": {
                "insdc_sample": "ERS1348493", 
                "biosd_sample": "SAMEA4437044"
            }
        }, 
        {
            "core": {
                "type": "sample"
            }, 
            "name": "pancreas islet normal", 
            "specimen_from_organism": {
                "body_part": "islet of Langerhans", 
                "organ": "pancreas"
            }, 
            "genus_species": "Homo sapiens", 
            "supplementary_files": "ftp://ftp.ebi.ac.uk/pub/databases/microarray/data/experiment/MTAB/E-MTAB-5061/E-MTAB-5061.processed.1.zip", 
            "ncbi_taxon_id": 9606, 
            "derived_from": "AZ", 
            "sample_id": "AZ_B8", 
            "protocol_ids": [
                "A123", 
                "A456"
            ], 
            "sample_accessions": {
                "insdc_sample": "ERS1348492", 
                "biosd_sample": "SAMEA4437043"
            }
        }, 
        {
            "core": {
                "type": "sample"
            }, 
            "name": "pancreas islet normal", 
            "specimen_from_organism": {
                "body_part": "islet of Langerhans", 
                "organ": "pancreas"
            }, 
            "genus_species": "Homo sapiens", 
            "supplementary_files": "ftp://ftp.ebi.ac.uk/pub/databases/microarray/data/experiment/MTAB/E-MTAB-5061/E-MTAB-5061.processed.1.zip", 
            "ncbi_taxon_id": 9606, 
            "derived_from": "AZ", 
            "sample_id": "AZ_B7", 
            "protocol_ids": [
                "A123", 
                "A456"
            ], 
            "sample_accessions": {
                "insdc_sample": "ERS1348491", 
                "biosd_sample": "SAMEA4437042"
            }
        }, 
        {
            "core": {
                "type": "sample"
            }, 
            "name": "pancreas islet normal", 
            "specimen_from_organism": {
                "body_part": "islet of Langerhans", 
                "organ": "pancreas"
            }, 
            "genus_species": "Homo sapiens", 
            "supplementary_files": "ftp://ftp.ebi.ac.uk/pub/databases/microarray/data/experiment/MTAB/E-MTAB-5061/E-MTAB-5061.processed.1.zip", 
            "ncbi_taxon_id": 9606, 
            "derived_from": "AZ", 
            "sample_id": "AZ_B6", 
            "protocol_ids": [
                "A123", 
                "A456"
            ], 
            "sample_accessions": {
                "insdc_sample": "ERS1348490", 
                "biosd_sample": "SAMEA4437041"
            }
        }, 
        {
            "core": {
                "type": "sample"
            }, 
            "name": "pancreas islet normal", 
            "specimen_from_organism": {
                "body_part": "islet of Langerhans", 
                "organ": "pancreas"
            }, 
            "genus_species": "Homo sapiens", 
            "supplementary_files": "ftp://ftp.ebi.ac.uk/pub/databases/microarray/data/experiment/MTAB/E-MTAB-5061/E-MTAB-5061.processed.1.zip", 
            "ncbi_taxon_id": 9606, 
            "derived_from": "AZ", 
            "sample_id": "AZ_B5", 
            "protocol_ids": [
                "A123", 
                "A456"
            ], 
            "sample_accessions": {
                "insdc_sample": "ERS1348489", 
                "biosd_sample": "SAMEA4437040"
            }
        }, 
        {
            "core": {
                "type": "sample"
            }, 
            "name": "pancreas islet normal", 
            "specimen_from_organism": {
                "body_part": "islet of Langerhans", 
                "organ": "pancreas"
            }, 
            "genus_species": "Homo sapiens", 
            "supplementary_files": "ftp://ftp.ebi.ac.uk/pub/databases/microarray/data/experiment/MTAB/E-MTAB-5061/E-MTAB-5061.processed.1.zip", 
            "ncbi_taxon_id": 9606, 
            "derived_from": "AZ", 
            "sample_id": "AZ_B4", 
            "protocol_ids": [
                "A123", 
                "A456"
            ], 
            "sample_accessions": {
                "insdc_sample": "ERS1348488", 
                "biosd_sample": "SAMEA4437039"
            }
        }, 
        {
            "core": {
                "type": "sample"
            }, 
            "name": "pancreas islet normal", 
            "specimen_from_organism": {
                "body_part": "islet of Langerhans", 
                "organ": "pancreas"
            }, 
            "genus_species": "Homo sapiens", 
            "supplementary_files": "ftp://ftp.ebi.ac.uk/pub/databases/microarray/data/experiment/MTAB/E-MTAB-5061/E-MTAB-5061.processed.1.zip", 
            "ncbi_taxon_id": 9606, 
            "derived_from": "AZ", 
            "sample_id": "AZ_B3", 
            "protocol_ids": [
                "A123", 
                "A456"
            ], 
            "sample_accessions": {
                "insdc_sample": "ERS1348487", 
                "biosd_sample": "SAMEA4437038"
            }
        }, 
        {
            "core": {
                "type": "sample"
            }, 
            "name": "pancreas islet normal", 
            "specimen_from_organism": {
                "body_part": "islet of Langerhans", 
                "organ": "pancreas"
            }, 
            "genus_species": "Homo sapiens", 
            "supplementary_files": "ftp://ftp.ebi.ac.uk/pub/databases/microarray/data/experiment/MTAB/E-MTAB-5061/E-MTAB-5061.processed.1.zip", 
            "ncbi_taxon_id": 9606, 
            "derived_from": "AZ", 
            "sample_id": "AZ_B2", 
            "protocol_ids": [
                "A123", 
                "A456"
            ], 
            "sample_accessions": {
                "insdc_sample": "ERS1348486", 
                "biosd_sample": "SAMEA4437037"
            }
        }, 
        {
            "core": {
                "type": "sample"
            }, 
            "name": "pancreas islet normal", 
            "specimen_from_organism": {
                "body_part": "islet of Langerhans", 
                "organ": "pancreas"
            }, 
            "genus_species": "Homo sapiens", 
            "supplementary_files": "ftp://ftp.ebi.ac.uk/pub/databases/microarray/data/experiment/MTAB/E-MTAB-5061/E-MTAB-5061.processed.1.zip", 
            "ncbi_taxon_id": 9606, 
            "derived_from": "AZ", 
            "sample_id": "AZ_B1", 
            "protocol_ids": [
                "A123", 
                "A456"
            ], 
            "sample_accessions": {
                "insdc_sample": "ERS1348482", 
                "biosd_sample": "SAMEA4437033"
            }
        }, 
        {
            "core": {
                "type": "sample"
            }, 
            "ncbi_taxon_id": 9606, 
            "sample_id": "HP1506401", 
            "donor": {
                "is_living": "yes", 
                "age": 48, 
                "life_stage": "adult", 
                "disease": "normal", 
                "age_unit": "year", 
                "sex": "female", 
                "body_mass_index": 35
            }, 
            "genus_species": "Homo sapiens"
        }, 
        {
            "core": {
                "type": "sample"
            }, 
            "ncbi_taxon_id": 9606, 
            "sample_id": "AZ", 
            "donor": {
                "is_living": "yes", 
                "age": 43, 
                "life_stage": "adult", 
                "disease": "normal", 
                "age_unit": "year", 
                "sex": "male", 
                "body_mass_index": 30.8
            }, 
            "genus_species": "Homo sapiens"
        }, 
        {
            "core": {
                "type": "sample"
            }, 
            "ncbi_taxon_id": 9606, 
            "sample_id": "HP1525301T2D", 
            "donor": {
                "is_living": "no", 
                "age": 52, 
                "life_stage": "adult", 
                "disease": "type II diabetes mellitus", 
                "age_unit": "year", 
                "sex": "male", 
                "body_mass_index": 34.36
            }, 
            "genus_species": "Homo sapiens"
        }, 
        {
            "core": {
                "type": "sample"
            }, 
            "ncbi_taxon_id": 9606, 
            "sample_id": "HP1502401", 
            "donor": {
                "is_living": "yes", 
                "age": 25, 
                "life_stage": "adult", 
                "disease": "normal", 
                "age_unit": "year", 
                "sex": "male", 
                "body_mass_index": 24.7
            }, 
            "genus_species": "Homo sapiens"
        }, 
        {
            "core": {
                "type": "sample"
            }, 
            "ncbi_taxon_id": 9606, 
            "sample_id": "HP1526901T2D", 
            "donor": {
                "is_living": "no", 
                "age": 55, 
                "life_stage": "adult", 
                "disease": "type II diabetes mellitus", 
                "age_unit": "year", 
                "sex": "female", 
                "body_mass_index": 29.84
            }, 
            "genus_species": "Homo sapiens"
        }
    ], 
    "links": [
        "protocol_A123-project_E-MTAB-5061-test", 
        "protocol_A456-project_E-MTAB-5061-test", 
        "sample_AZ_A2-derivedFromSamples_AZ", 
        "sample_AZ_A2-protocol_A123", 
        "sample_AZ_A2-protocol_A456", 
        "sample_AZ_A3-derivedFromSamples_AZ", 
        "sample_AZ_A3-protocol_A123", 
        "sample_AZ_A3-protocol_A456", 
        "sample_AZ_A1-derivedFromSamples_AZ", 
        "sample_AZ_A1-protocol_A123", 
        "sample_AZ_A1-protocol_A456", 
        "sample_AZ_A6-derivedFromSamples_AZ", 
        "sample_AZ_A6-protocol_A123", 
        "sample_AZ_A6-protocol_A456", 
        "sample_AZ_A7-derivedFromSamples_AZ", 
        "sample_AZ_A7-protocol_A123", 
        "sample_AZ_A7-protocol_A456", 
        "sample_AZ_A4-derivedFromSamples_AZ", 
        "sample_AZ_A4-protocol_A123", 
        "sample_AZ_A4-protocol_A456", 
        "sample_AZ_A5-derivedFromSamples_AZ", 
        "sample_AZ_A5-protocol_A123", 
        "sample_AZ_A5-protocol_A456", 
        "sample_AZ_C1-derivedFromSamples_AZ", 
        "sample_AZ_C1-protocol_A123", 
        "sample_AZ_C1-protocol_A456", 
        "sample_AZ_A8-derivedFromSamples_AZ", 
        "sample_AZ_A8-protocol_A123", 
        "sample_AZ_A8-protocol_A456", 
        "sample_AZ_A9-derivedFromSamples_AZ", 
        "sample_AZ_A9-protocol_A123", 
        "sample_AZ_A9-protocol_A456", 
        "sample_AZ_B12-derivedFromSamples_AZ", 
        "sample_AZ_B12-protocol_A123", 
        "sample_AZ_B12-protocol_A456", 
        "sample_AZ_B11-derivedFromSamples_AZ", 
        "sample_AZ_B11-protocol_A123", 
        "sample_AZ_B11-protocol_A456", 
        "sample_AZ_B10-derivedFromSamples_AZ", 
        "sample_AZ_B10-protocol_A123", 
        "sample_AZ_B10-protocol_A456", 
        "sample_AZ_A10-derivedFromSamples_AZ", 
        "sample_AZ_A10-protocol_A123", 
        "sample_AZ_A10-protocol_A456", 
        "sample_AZ_A11-derivedFromSamples_AZ", 
        "sample_AZ_A11-protocol_A123", 
        "sample_AZ_A11-protocol_A456", 
        "sample_AZ_A12-derivedFromSamples_AZ", 
        "sample_AZ_A12-protocol_A123", 
        "sample_AZ_A12-protocol_A456", 
        "sample_AZ_B9-derivedFromSamples_AZ", 
        "sample_AZ_B9-protocol_A123", 
        "sample_AZ_B9-protocol_A456", 
        "sample_AZ_B8-derivedFromSamples_AZ", 
        "sample_AZ_B8-protocol_A123", 
        "sample_AZ_B8-protocol_A456", 
        "sample_AZ_B7-derivedFromSamples_AZ", 
        "sample_AZ_B7-protocol_A123", 
        "sample_AZ_B7-protocol_A456", 
        "sample_AZ_B6-derivedFromSamples_AZ", 
        "sample_AZ_B6-protocol_A123", 
        "sample_AZ_B6-protocol_A456", 
        "sample_AZ_B5-derivedFromSamples_AZ", 
        "sample_AZ_B5-protocol_A123", 
        "sample_AZ_B5-protocol_A456", 
        "sample_AZ_B4-derivedFromSamples_AZ", 
        "sample_AZ_B4-protocol_A123", 
        "sample_AZ_B4-protocol_A456", 
        "sample_AZ_B3-derivedFromSamples_AZ", 
        "sample_AZ_B3-protocol_A123", 
        "sample_AZ_B3-protocol_A456", 
        "sample_AZ_B2-derivedFromSamples_AZ", 
        "sample_AZ_B2-protocol_A123", 
        "sample_AZ_B2-protocol_A456", 
        "sample_AZ_B1-derivedFromSamples_AZ", 
        "sample_AZ_B1-protocol_A123", 
        "sample_AZ_B1-protocol_A456", 
        "file_AZ_A1.fastq.gz-sample_AZ_A1", 
        "assay_ERR1630013-sample_AZ_A1", 
        "assay_ERR1630013-file_AZ_A1.fastq.gz"
    ], 
    "project": {
        "core": {
            "type": "project"
        }, 
        "name": "Single-cell RNA-seq analysis of human pancreas from healthy individuals and type 2 diabetes patients", 
        "contributors": [
            {
                "city": "Stockholm", 
                "name": "Rickard,,Sandberg", 
                "country": "Sweden", 
                "institution": "Department of Cell and Molecular Biology (CMB), Karolinska Institutet, Stockholm, Sweden. Ludwig Institute for Cancer Research, Stockholm, Sweden. Integrated Cardiometabolic Center (ICMC), Karolinska Institutet, Stockholm, Sweden.", 
                "address": "Nobels vag 3, 171 77", 
                "email": "Rickard.Sandberg@ki.se"
            }, 
            {
                "city": "Stockholm", 
                "name": "Asa,,Segerstolpe", 
                "country": "Sweden", 
                "institution": "Department of Cell and Molecular Biology (CMB), Karolinska Institutet, Stockholm, Sweden. Integrated Cardiometabolic Center (ICMC), Karolinska Institutet, Stockholm, Sweden.", 
                "address": "Nobels vag 3, 171 77", 
                "email": "Asa.Segerstolpe@ki.se"
            }
        ], 
        "submitters": [
            {
                "city": "Stockholm", 
                "name": "Athanasia,,Palasantza", 
                "country": "Sweden", 
                "institution": "Department of Cell and Molecular Biology (CMB), Karolinska Institutet, Stockholm, Sweden.", 
                "phone": "0046 8 5248 3986", 
                "address": "Nobels vag 3, 171 77", 
                "email": "Athanasia.Palasantza@ki.se"
            }
        ], 
        "insdc_project": "ERP017126", 
        "experimental_design": [
            "cell type comparison design", 
            "disease state design"
        ], 
        "publications": [
            {
                "title": "Single-Cell Transcriptome Profiling of Human Pancreatic Islets in Health and Type 2 Diabetes", 
                "doi": "10.1016/j.cmet.2016.08.020", 
                "authors": "Segerstolpe A, Palasantza A, Eliasson P, Andersson E, Andreasson A, Sun X, Picelli S, Sabirsh A, Clausen M, Bjursell MK, Smith DM, Kasper M, Ammala C, Sandberg R"
            }
        ], 
        "project_id": "E-MTAB-5061-test", 
        "insdc_study": "PRJEB15401", 
        "description": "We used single-cell RNA-sequencing to generate transcriptional profiles of endocrine and exocrine cell types of the human pancreas. Pancreatic tissue and islets were obtained from six healthy and four T2D cadaveric donors. Islets were cultured and dissociated into single-cell suspension. Viable individual cells were distributed via fluorescence-activated cell sorted (FACS) into 384-well plates containing lysis buffer. Single-cell cDNA libraries were generated using the Smart-seq2 protocol. Gene expression was quantified as reads per kilobase transcript and per million mapped reads (RPKM) using rpkmforgenes. Bioinformatics analysis was used to classify cells into cell types without knowledge of cell types or prior purification of cell populations. We revealed subpopulations in endocrine and exocrine cell types, identified genes with interesting correlations to body mass index (BMI) in specific cell types and found transcriptional alterations in T2D.  Complementary whole-islet RNA-seq data have also been deposited at ArrayExpress under accession number E-MTAB-5060 (http://www.ebi.ac.uk/arrayexpress/experiments/E-MTAB-5060)."
    }, 
    "assays": [
        {
            "files": [
                "AZ_A1.fastq.gz"
            ], 
            "core": {
                "type": "assay"
            }, 
            "seq": {
                "paired_ends": "no", 
                "lanes": [
                    {
                        "r1": "AZ_A1.fastq.gz"
                    }
                ], 
                "instrument_platform": "Illumina", 
                "molecule": "polyA RNA", 
                "instrument_model": "HiSeq 2000", 
                "umi_barcode": {
                    "read": "index", 
                    "size": 10, 
                    "offset": 16
                }, 
                "insdc_experiment": "ERX1700346", 
                "insdc_run": "ERR1630013"
            }, 
            "rna": {
                "spike_in_dilution": 40000, 
                "spike_in": "ERCC", 
                "end_bias": "full-length transcript", 
                "primer": "oligo-dT", 
                "strand": "both", 
                "library_construction": "smart-seq2"
            }, 
            "single_cell": {
                "barcode": {
                    "read": "index", 
                    "size": 16
                }, 
                "cell_handling": "FACS"
            }, 
            "sample_id": "AZ_A1", 
            "assay_id": "ERR1630013"
        }
    ], 
    "protocols": [
        {
            "description": "A protocol to test protocol ingest", 
            "protocol_id": "A123", 
            "type": "sequencing protocol", 
            "name": "Test protocol"
        }, 
        {
            "description": "Another test protocol", 
            "protocol_id": "A456", 
            "type": "cell suspension protocol", 
            "name": "Test protocol 2"
        }
    ]
}